\BOOKMARK [1][-]{section.1}{\376\377\000I\000n\000t\000r\000o\000d\000u\000c\000t\000i\000o\000n}{}% 1
\BOOKMARK [2][-]{subsection.1.1}{\376\377\200\314\146\157\060\150\212\262\230\114\000\040}{section.1}% 2
\BOOKMARK [2][-]{subsection.1.2}{\376\377\147\054\170\024\172\166\060\156\166\356\166\204\060\150\214\242\163\056}{section.1}% 3
\BOOKMARK [2][-]{subsection.1.3}{\376\377\170\024\172\166\212\262\230\114\000\050\000R\000e\000s\000e\000a\000r\000c\000h\000\040\000Q\000u\000e\000s\000t\000i\000o\000n\000s\000\051}{section.1}% 4
\BOOKMARK [1][-]{section.2}{\376\377\000M\000e\000t\000h\000o\000d\000s\000\040\000U\000n\000d\000e\000r\000\040\000E\000v\000a\000l\000u\000a\000t\000i\000o\000n}{}% 5
\BOOKMARK [2][-]{subsection.2.1}{\376\377\060\331\060\374\060\271\060\351\060\244\060\363\142\113\154\325\060\156\175\071\116\313}{section.2}% 6
\BOOKMARK [2][-]{subsection.2.2}{\376\377\143\320\150\110\142\113\154\325\377\010\000S\000S\000T\000-\000M\000e\000r\000g\000e\177\244\377\011\060\156\151\202\211\201}{section.2}% 7
\BOOKMARK [1][-]{section.3}{\376\377\000E\000x\000p\000e\000r\000i\000m\000e\000n\000t\000s}{}% 8
\BOOKMARK [2][-]{subsection.3.1}{\376\377\000T\000a\000r\000g\000e\000t\000\040\000M\000o\000d\000e\000l\000s\000\040\000\046\000\040\000C\000a\000l\000i\000b\000r\000a\000t\000i\000o\000n\000\040\000D\000a\000t\000a\000s\000e\000t\000s}{section.3}% 9
\BOOKMARK [2][-]{subsection.3.2}{\376\377\000E\000v\000a\000l\000u\000a\000t\000i\000o\000n\000\040\000B\000e\000n\000c\000h\000m\000a\000r\000k\000s\000\040\000\046\000\040\000P\000r\000o\000t\000o\000c\000o\000l}{section.3}% 10
\BOOKMARK [1][-]{section.4}{\376\377\000R\000e\000s\000u\000l\000t\000s\000\040\000a\000n\000d\000\040\000A\000n\000a\000l\000y\000s\000i\000s}{}% 11
\BOOKMARK [2][-]{subsection.4.1}{\376\377\116\210\120\231\133\237\232\023\377\010\000P\000r\000e\000l\000i\000m\000i\000n\000a\000r\000y\000\040\000E\000x\000p\000e\000r\000i\000m\000e\000n\000t\377\011\175\120\147\234}{section.4}% 12
\BOOKMARK [2][-]{subsection.4.2}{\376\377\147\054\133\237\232\023\060\170\060\156\143\245\175\232\377\032\143\250\212\326\135\051\130\312\060\156\146\016\171\072\166\204\060\152\210\334\153\143}{section.4}% 13
\BOOKMARK [2][-]{subsection.4.3}{\376\377\147\054\133\237\232\023\377\010\000M\000a\000i\000n\000\040\000E\000x\000p\000e\000r\000i\000m\000e\000n\000t\377\011\175\120\147\234\060\150\000P\000a\000r\000e\000t\000o\000\040\000T\000r\000a\000d\000e\000-\000o\000f\000f\000\050\000R\000Q\0001\000\051}{section.4}% 14
\BOOKMARK [2][-]{subsection.4.4}{\376\377\000A\000n\000s\000w\000e\000r\000\040\000t\000o\000\040\000R\000Q\0001\000:\000\040\060\321\060\354\060\374\060\310\226\120\165\114\060\150\060\311\060\341\060\244\060\363\136\162\156\011\000\040\000\050\000A\000n\000s\000w\000e\000r\000\040\000t\000o\000\040\000R\000Q\0001\000\051}{section.4}% 15
\BOOKMARK [2][-]{subsection.4.5}{\376\377\000A\000n\000s\000w\000e\000r\000\040\000t\000o\000\040\000R\000Q\0002\000:\000\040\140\305\130\061\122\051\165\050\060\150\212\010\173\227\060\310\060\354\060\374\060\311\060\252\060\325\000\040\000\050\000A\000n\000s\000w\000e\000r\000\040\000t\000o\000\040\000R\000Q\0002\000\051}{section.4}% 16
\BOOKMARK [2][-]{subsection.4.6}{\376\377\000A\000n\000s\000w\000e\000r\000\040\000t\000o\000\040\000R\000Q\0003\000:\000\040\060\307\060\374\060\277\060\242\060\257\060\273\060\271\122\066\175\004\116\013\060\156\060\307\060\374\060\277\060\325\060\352\060\374\140\047\200\375\000\040\000\050\000A\000n\000s\000w\000e\000r\000\040\000t\000o\000\040\000R\000Q\0003\000\051}{section.4}% 17
\BOOKMARK [2][-]{subsection.4.7}{\376\377\170\024\172\166\060\156\226\120\165\114\000\040\000\050\000L\000i\000m\000i\000t\000a\000t\000i\000o\000n\000s\000\051}{section.4}% 18
\BOOKMARK [1][-]{section.5}{\376\377\000C\000o\000n\000c\000l\000u\000s\000i\000o\000n\000\040\000\046\000\040\000F\000u\000t\000u\000r\000e\000\040\000W\000o\000r\000k}{}% 19
\BOOKMARK [1][-]{appendix.A}{\376\377\147\054\170\024\172\166\060\156\200\314\146\157\060\150\133\232\137\017\123\026\116\012\060\156\117\115\177\156\060\145\060\121}{}% 20
\BOOKMARK [2][-]{subsection.A.1}{\376\377\142\200\210\123\166\204\200\314\146\157}{appendix.A}% 21
\BOOKMARK [2][-]{subsection.A.2}{\376\377\000S\000a\000f\000e\000t\000y\000-\000a\000w\000a\000r\000e\000\040\000m\000e\000r\000g\000e\060\156\226\120\165\114}{appendix.A}% 22
\BOOKMARK [2][-]{subsection.A.3}{\376\377\000S\000S\000T\000-\000M\000e\000r\000g\000e\060\156\133\232\137\017\123\026\116\012\060\156\117\115\177\156\060\145\060\121}{appendix.A}% 23
\BOOKMARK [1][-]{appendix.B}{\376\377\153\324\217\003\133\376\214\141\060\156\122\006\230\136\060\150\212\163\175\060\060\152\212\254\146\016}{}% 24
\BOOKMARK [1][-]{appendix.C}{\376\377\133\237\232\023\212\055\212\010\060\156\212\163\175\060}{}% 25
\BOOKMARK [2][-]{subsection.C.1}{\376\377\000T\000a\000r\000g\000e\000t\000\040\000M\000o\000d\000e\000l\000s\000\040\000\046\000\040\000A\000r\000c\000h\000i\000t\000e\000c\000t\000u\000r\000e}{appendix.C}% 26
\BOOKMARK [2][-]{subsection.C.2}{\376\377\000C\000a\000l\000i\000b\000r\000a\000t\000i\000o\000n\000\040\000D\000a\000t\000a\000s\000e\000t\000s\000\040\000\046\000\040\000C\000u\000r\000v\000a\000t\000u\000r\000e\000\040\000E\000s\000t\000i\000m\000a\000t\000i\000o\000n}{appendix.C}% 27
\BOOKMARK [2][-]{subsection.C.3}{\376\377\000E\000v\000a\000l\000u\000a\000t\000i\000o\000n\000\040\000B\000e\000n\000c\000h\000m\000a\000r\000k\000s\000\040\000\046\000\040\000M\000e\000t\000r\000i\000c\000s}{appendix.C}% 28
\BOOKMARK [2][-]{subsection.C.4}{\376\377\000E\000v\000a\000l\000u\000a\000t\000i\000o\000n\000\040\000P\000r\000o\000t\000o\000c\000o\000l\000\040\000\046\000\040\000B\000a\000s\000e\000l\000i\000n\000e\000s}{appendix.C}% 29
\BOOKMARK [3][-]{subsubsection.C.4.1}{\376\377\116\210\120\231\133\237\232\023\377\010\000P\000r\000e\000l\000i\000m\000i\000n\000a\000r\000y\000\040\000E\000x\000p\000e\000r\000i\000m\000e\000n\000t\377\011\060\156\212\055\212\010}{subsection.C.4}% 30
\BOOKMARK [3][-]{subsubsection.C.4.2}{\376\377\147\054\133\237\232\023\377\010\000M\000a\000i\000n\000\040\000E\000x\000p\000e\000r\000i\000m\000e\000n\000t\377\011\060\156\212\055\212\010}{subsection.C.4}% 31
\BOOKMARK [1][-]{appendix.D}{\376\377\116\210\120\231\133\237\232\023\060\156\212\163\175\060\175\120\147\234}{}% 32
\BOOKMARK [2][-]{subsection.D.1}{\376\377\000b\000a\000s\000e\060\342\060\307\060\353\060\156\212\125\117\241\175\120\147\234}{appendix.D}% 33
\BOOKMARK [2][-]{subsection.D.2}{\376\377\116\210\120\231\133\237\232\023\377\010\000P\000r\000e\000l\000i\000m\000i\000n\000a\000r\000y\000\040\000E\000x\000p\000e\000r\000i\000m\000e\000n\000t\377\011\175\120\147\234\377\010\143\242\175\042\166\204\122\006\147\220\377\011}{appendix.D}% 34
\BOOKMARK [2][-]{subsection.D.3}{\376\377\000M\000u\000l\000t\000i\000-\000d\000o\000m\000a\000i\000n\000\040\000m\000e\000r\000g\000i\000n\000g}{appendix.D}% 35
\BOOKMARK [2][-]{subsection.D.4}{\376\377\060\351\060\363\060\300\060\340\060\267\060\374\060\311\060\153\133\376\060\131\060\213\230\055\120\145\140\047\060\156\200\003\133\337\377\010\000S\000e\000e\000d\000\040\000D\000i\000f\000f\000e\000r\000e\000n\000c\000e\000s\377\011}{appendix.D}% 36
\BOOKMARK [2][-]{subsection.D.5}{\376\377\000m\000e\000r\000g\000e\153\324\163\207\377\010\377\011\060\156\060\271\060\244\060\374\060\327\060\153\225\242\060\131\060\213\200\003\133\337\377\010\000A\000l\000p\000h\000a\000\040\000S\000w\000e\000e\000p\000s\377\011}{appendix.D}% 37
\BOOKMARK [1][-]{appendix.E}{\376\377\000O\000b\000s\000e\000r\000v\000e\000d\000-\000r\000a\000n\000g\000e\000\040\000A\000U\000C\060\150\172\357\160\271\210\334\133\214\000A\000U\000C\060\156\153\324\217\003}{}% 38
\BOOKMARK [1][-]{appendix.F}{\376\377\120\175\060\156\133\211\121\150\140\047\060\156\217\375\122\240\122\006\147\220}{}% 39
\BOOKMARK [2][-]{subsection.F.1}{\376\377\227\136\175\332\137\142\060\152\140\047\200\375\143\250\171\373\060\150\120\175\060\156\133\211\121\150\140\047\060\156\143\222\226\144}{appendix.F}% 40
\BOOKMARK [2][-]{subsection.F.2}{\376\377\121\372\122\233\135\051\130\312\060\156\116\356\212\254\166\204\060\341\060\253\060\313\060\272\060\340}{appendix.F}% 41
\BOOKMARK [1][-]{appendix.G}{\376\377\212\010\173\227\214\307\156\220\060\150\060\307\060\374\060\277\211\201\116\366}{}% 42
\BOOKMARK [2][-]{subsection.G.1}{\376\377\212\010\173\227\122\271\163\207\060\150\230\021\120\145\140\047\000\050\000R\000Q\0003\000\051}{appendix.G}% 43
\BOOKMARK [1][-]{appendix.H}{\376\377\000S\000e\000e\000d\122\045\060\112\060\210\060\163\000a\000l\000p\000h\000a\122\045\060\156\133\214\121\150\175\120\147\234}{}% 44
\BOOKMARK [2][-]{subsection.H.1}{\376\377\060\351\060\363\060\300\060\340\060\267\060\374\060\311\060\153\133\376\060\131\060\213\230\021\120\145\140\047\060\156\200\003\133\337\377\010\000S\000e\000e\000d\000\040\000D\000i\000f\000f\000e\000r\000e\000n\000c\000e\000s\377\011}{appendix.H}% 45
\BOOKMARK [2][-]{subsection.H.2}{\376\377\000m\000e\000r\000g\000e\153\324\163\207\377\010\377\011\060\156\060\271\060\244\060\374\060\327\060\153\225\242\060\131\060\213\200\003\133\337\377\010\000A\000l\000p\000h\000a\000\040\000S\000w\000e\000e\000p\000s\377\011}{appendix.H}% 46
