\BOOKMARK [1][-]{section.1}{\376\377\000I\000n\000t\000r\000o\000d\000u\000c\000t\000i\000o\000n}{}% 1
\BOOKMARK [1][-]{section.2}{\376\377\000R\000e\000l\000a\000t\000e\000d\000\040\000W\000o\000r\000k}{}% 2
\BOOKMARK [2][-]{subsection.2.1}{\376\377\000M\000o\000d\000e\000l\000\040\000M\000e\000r\000g\000e\000\040\000a\000n\000d\000\040\000I\000n\000t\000e\000r\000f\000e\000r\000e\000n\000c\000e\000\040\000M\000i\000t\000i\000g\000a\000t\000i\000o\000n}{section.2}% 3
\BOOKMARK [2][-]{subsection.2.2}{\376\377\000S\000e\000c\000u\000r\000e\000\040\000M\000e\000r\000g\000e\000\040\000a\000n\000d\000\040\000S\000a\000f\000e\000t\000y\000-\000P\000r\000e\000s\000e\000r\000v\000i\000n\000g\000\040\000M\000o\000d\000e\000l\000\040\000M\000e\000r\000g\000e}{section.2}% 4
\BOOKMARK [2][-]{subsection.2.3}{\376\377\000S\000a\000f\000e\000t\000y\000\040\000E\000v\000a\000l\000u\000a\000t\000i\000o\000n\000\040\000f\000o\000r\000\040\000L\000a\000r\000g\000e\000\040\000L\000a\000n\000g\000u\000a\000g\000e\000\040\000M\000o\000d\000e\000l\000s}{section.2}% 5
\BOOKMARK [1][-]{section.3}{\376\377\000E\000v\000a\000l\000u\000a\000t\000i\000o\000n}{}% 6
\BOOKMARK [2][-]{subsection.3.1}{\376\377\000M\000o\000d\000e\000l\000s\000\040\000a\000n\000d\000\040\000B\000a\000s\000e\000l\000i\000n\000e\000s}{section.3}% 7
\BOOKMARK [2][-]{subsection.3.2}{\376\377\000E\000v\000a\000l\000u\000a\000t\000i\000o\000n\000\040\000P\000r\000o\000t\000o\000c\000o\000l}{section.3}% 8
\BOOKMARK [2][-]{subsection.3.3}{\376\377\000F\000r\000o\000m\000\040\000P\000r\000e\000l\000i\000m\000i\000n\000a\000r\000y\000\040\000E\000x\000p\000e\000r\000i\000m\000e\000n\000t\000s\000\040\000t\000o\000\040\000t\000h\000e\000\040\000M\000a\000i\000n\000\040\000E\000v\000a\000l\000u\000a\000t\000i\000o\000n}{section.3}% 9
\BOOKMARK [1][-]{section.4}{\376\377\000R\000e\000s\000u\000l\000t\000s\000\040\000a\000n\000d\000\040\000D\000i\000s\000c\000u\000s\000s\000i\000o\000n}{}% 10
\BOOKMARK [2][-]{subsection.4.1}{\376\377\000S\000a\000f\000e\000t\000y\040\023\000U\000t\000i\000l\000i\000t\000y\000\040\000T\000r\000a\000d\000e\000-\000o\000f\000f\000s\000\040\000U\000n\000d\000e\000r\000\040\000V\000a\000l\000i\000d\000i\000t\000y\000-\000A\000w\000a\000r\000e\000\040\000E\000v\000a\000l\000u\000a\000t\000i\000o\000n}{section.4}% 11
\BOOKMARK [2][-]{subsection.4.2}{\376\377\000L\000i\000m\000i\000t\000a\000t\000i\000o\000n\000s\000\040\000a\000n\000d\000\040\000S\000c\000o\000p\000e}{section.4}% 12
\BOOKMARK [1][-]{section.5}{\376\377\000C\000o\000n\000c\000l\000u\000s\000i\000o\000n}{}% 13
\BOOKMARK [1][-]{appendix.A}{\376\377\000B\000a\000c\000k\000g\000r\000o\000u\000n\000d\000\040\000a\000n\000d\000\040\000P\000o\000s\000i\000t\000i\000o\000n\000i\000n\000g\000\040\000o\000f\000\040\000T\000h\000i\000s\000\040\000W\000o\000r\000k}{}% 14
\BOOKMARK [2][-]{subsection.A.1}{\376\377\000T\000e\000c\000h\000n\000i\000c\000a\000l\000\040\000B\000a\000c\000k\000g\000r\000o\000u\000n\000d}{appendix.A}% 15
\BOOKMARK [2][-]{subsection.A.2}{\376\377\000L\000i\000m\000i\000t\000a\000t\000i\000o\000n\000s\000\040\000o\000f\000\040\000S\000a\000f\000e\000t\000y\000-\000A\000w\000a\000r\000e\000\040\000M\000o\000d\000e\000l\000\040\000M\000e\000r\000g\000i\000n\000g}{appendix.A}% 16
\BOOKMARK [2][-]{subsection.A.3}{\376\377\000D\000i\000s\000c\000u\000s\000s\000i\000o\000n\000\040\000o\000f\000\040\000E\000x\000i\000s\000t\000i\000n\000g\000\040\000J\000a\000i\000l\000b\000r\000e\000a\000k\000\040\000E\000v\000a\000l\000u\000a\000t\000i\000o\000n\000\040\000F\000r\000a\000m\000e\000w\000o\000r\000k\000s}{appendix.A}% 17
\BOOKMARK [1][-]{appendix.B}{\376\377\000T\000a\000x\000o\000n\000o\000m\000y\000\040\000a\000n\000d\000\040\000D\000e\000t\000a\000i\000l\000e\000d\000\040\000D\000e\000s\000c\000r\000i\000p\000t\000i\000o\000n\000\040\000o\000f\000\040\000M\000o\000d\000e\000l\000\040\000M\000e\000r\000g\000i\000n\000g\000\040\000M\000e\000t\000h\000o\000d\000s}{}% 18
\BOOKMARK [1][-]{appendix.C}{\376\377\000E\000x\000p\000e\000r\000i\000m\000e\000n\000t\000a\000l\000\040\000D\000e\000t\000a\000i\000l\000s}{}% 19
\BOOKMARK [2][-]{subsection.C.1}{\376\377\000T\000a\000r\000g\000e\000t\000\040\000M\000o\000d\000e\000l\000s\000\040\000a\000n\000d\000\040\000A\000r\000c\000h\000i\000t\000e\000c\000t\000u\000r\000e}{appendix.C}% 20
\BOOKMARK [2][-]{subsection.C.2}{\376\377\000C\000a\000l\000i\000b\000r\000a\000t\000i\000o\000n\000\040\000D\000a\000t\000a\000s\000e\000t\000s\000\040\000a\000n\000d\000\040\000F\000i\000s\000h\000e\000r\000\040\000E\000s\000t\000i\000m\000a\000t\000i\000o\000n}{appendix.C}% 21
\BOOKMARK [2][-]{subsection.C.3}{\376\377\000E\000v\000a\000l\000u\000a\000t\000i\000o\000n\000\040\000B\000e\000n\000c\000h\000m\000a\000r\000k\000s\000\040\000a\000n\000d\000\040\000M\000e\000t\000r\000i\000c\000s}{appendix.C}% 22
\BOOKMARK [2][-]{subsection.C.4}{\376\377\000E\000v\000a\000l\000u\000a\000t\000i\000o\000n\000\040\000P\000r\000o\000t\000o\000c\000o\000l\000\040\000a\000n\000d\000\040\000B\000a\000s\000e\000l\000i\000n\000e\000s}{appendix.C}% 23
\BOOKMARK [3][-]{subsubsection.C.4.1}{\376\377\000P\000r\000e\000l\000i\000m\000i\000n\000a\000r\000y\000\040\000E\000x\000p\000e\000r\000i\000m\000e\000n\000t}{subsection.C.4}% 24
\BOOKMARK [3][-]{subsubsection.C.4.2}{\376\377\000M\000a\000i\000n\000\040\000E\000x\000p\000e\000r\000i\000m\000e\000n\000t}{subsection.C.4}% 25
\BOOKMARK [1][-]{appendix.D}{\376\377\000B\000r\000o\000a\000d\000e\000r\000\040\000I\000m\000p\000a\000c\000t\000s}{}% 26
\BOOKMARK [1][-]{appendix.E}{\376\377\000D\000e\000t\000a\000i\000l\000e\000d\000\040\000R\000e\000s\000u\000l\000t\000s\000\040\000o\000f\000\040\000t\000h\000e\000\040\000P\000r\000e\000l\000i\000m\000i\000n\000a\000r\000y\000\040\000E\000x\000p\000e\000r\000i\000m\000e\000n\000t}{}% 27
\BOOKMARK [2][-]{subsection.E.1}{\376\377\000E\000v\000a\000l\000u\000a\000t\000i\000o\000n\000\040\000o\000f\000\040\000t\000h\000e\000\040\000B\000a\000s\000e\000\040\000M\000o\000d\000e\000l\000s}{appendix.E}% 28
\BOOKMARK [2][-]{subsection.E.2}{\376\377\000R\000e\000s\000u\000l\000t\000s\000\040\000o\000f\000\040\000t\000h\000e\000\040\000P\000r\000e\000l\000i\000m\000i\000n\000a\000r\000y\000\040\000E\000x\000p\000e\000r\000i\000m\000e\000n\000t\000\040\000\050\000E\000x\000p\000l\000o\000r\000a\000t\000o\000r\000y\000\040\000A\000n\000a\000l\000y\000s\000i\000s\000\051}{appendix.E}% 29
\BOOKMARK [1][-]{appendix.F}{\376\377\000D\000e\000t\000a\000i\000l\000e\000d\000\040\000R\000e\000s\000u\000l\000t\000s\000\040\000o\000f\000\040\000t\000h\000e\000\040\000M\000a\000i\000n\000\040\000E\000x\000p\000e\000r\000i\000m\000e\000n\000t}{}% 30
\BOOKMARK [2][-]{subsection.F.1}{\376\377\000M\000u\000l\000t\000i\000-\000D\000o\000m\000a\000i\000n\000\040\000M\000e\000r\000g\000i\000n\000g}{appendix.F}% 31
\BOOKMARK [2][-]{subsection.F.2}{\376\377\000R\000o\000b\000u\000s\000t\000n\000e\000s\000s\000\040\000A\000c\000r\000o\000s\000s\000\040\000R\000a\000n\000d\000o\000m\000\040\000S\000e\000e\000d\000s}{appendix.F}% 32
\BOOKMARK [2][-]{subsection.F.3}{\376\377\000E\000f\000f\000e\000c\000t\000\040\000o\000f\000\040\000t\000h\000e\000\040\000M\000e\000r\000g\000e\000\040\000C\000o\000e\000f\000f\000i\000c\000i\000e\000n\000t\000\040\000\050\000\051}{appendix.F}% 33
\BOOKMARK [1][-]{appendix.G}{\376\377\000A\000d\000d\000i\000t\000i\000o\000n\000a\000l\000\040\000A\000n\000a\000l\000y\000s\000i\000s\000\040\000o\000f\000\040\000A\000p\000p\000a\000r\000e\000n\000t\000\040\000S\000a\000f\000e\000t\000y\000\040\000U\000n\000d\000e\000r\000\040\000D\000e\000g\000e\000n\000e\000r\000a\000t\000i\000o\000n}{}% 34
\BOOKMARK [2][-]{subsection.G.1}{\376\377\000H\000y\000p\000o\000t\000h\000e\000s\000i\000z\000e\000d\000\040\000M\000e\000c\000h\000a\000n\000i\000s\000m\000s\000\040\000B\000e\000h\000i\000n\000d\000\040\000G\000e\000n\000e\000r\000a\000t\000i\000o\000n\000\040\000C\000o\000l\000l\000a\000p\000s\000e}{appendix.G}% 35
\BOOKMARK [1][-]{appendix.H}{\376\377\000C\000o\000m\000p\000u\000t\000a\000t\000i\000o\000n\000a\000l\000\040\000C\000o\000s\000t\000\040\000a\000n\000d\000\040\000D\000a\000t\000a\000\040\000R\000e\000q\000u\000i\000r\000e\000m\000e\000n\000t\000s}{}% 36
\BOOKMARK [2][-]{subsection.H.1}{\376\377\000C\000o\000m\000p\000u\000t\000a\000t\000i\000o\000n\000a\000l\000\040\000E\000f\000f\000i\000c\000i\000e\000n\000c\000y\000\040\000a\000n\000d\000\040\000D\000a\000t\000a\000\040\000D\000e\000p\000e\000n\000d\000e\000n\000c\000y\000\040\000\050\000R\000Q\0003\000\051}{appendix.H}% 37
\BOOKMARK [1][-]{appendix.I}{\376\377\000C\000o\000m\000p\000l\000e\000t\000e\000\040\000R\000e\000s\000u\000l\000t\000s\000\040\000A\000c\000r\000o\000s\000s\000\040\000R\000a\000n\000d\000o\000m\000\040\000S\000e\000e\000d\000s\000\040\000a\000n\000d\000\040\000M\000e\000r\000g\000e\000\040\000C\000o\000e\000f\000f\000i\000c\000i\000e\000n\000t\000s}{}% 38
\BOOKMARK [2][-]{subsection.I.1}{\376\377\000P\000r\000e\000l\000i\000m\000i\000n\000a\000r\000y\000\040\000E\000x\000p\000e\000r\000i\000m\000e\000n\000t}{appendix.I}% 39
\BOOKMARK [3][-]{subsubsection.I.1.1}{\376\377\000P\000a\000t\000t\000e\000r\000n\000:\000\040\000s\000a\000f\000e\000t\000y\000+\000m\000e\000d\000i\000c\000a\000l}{subsection.I.1}% 40
\BOOKMARK [3][-]{subsubsection.I.1.2}{\376\377\000P\000a\000t\000t\000e\000r\000n\000:\000\040\000s\000a\000f\000e\000t\000y\000+\000m\000a\000t\000h\000+\000c\000o\000d\000e\000+\000m\000e\000d\000i\000c\000a\000l}{subsection.I.1}% 41
\BOOKMARK [3][-]{subsubsection.I.1.3}{\376\377\000P\000a\000t\000t\000e\000r\000n\000:\000\040\000s\000a\000f\000e\000t\000y\000+\000c\000o\000d\000e}{subsection.I.1}% 42
\BOOKMARK [3][-]{subsubsection.I.1.4}{\376\377\000P\000a\000t\000t\000e\000r\000n\000:\000\040\000s\000a\000f\000e\000t\000y\000+\000m\000a\000t\000h}{subsection.I.1}% 43
\BOOKMARK [2][-]{subsection.I.2}{\376\377\000M\000a\000i\000n\000\040\000e\000x\000p\000e\000r\000i\000m\000e\000n\000t}{appendix.I}% 44
\BOOKMARK [3][-]{subsubsection.I.2.1}{\376\377\000P\000a\000t\000t\000e\000r\000n\000:\000\040\000s\000a\000f\000e\000t\000y\000+\000m\000a\000t\000h}{subsection.I.2}% 45
\BOOKMARK [3][-]{subsubsection.I.2.2}{\376\377\000P\000a\000t\000t\000e\000r\000n\000:\000\040\000s\000a\000f\000e\000t\000y\000+\000m\000e\000d\000i\000c\000a\000l}{subsection.I.2}% 46
\BOOKMARK [3][-]{subsubsection.I.2.3}{\376\377\000P\000a\000t\000t\000e\000r\000n\000:\000\040\000s\000a\000f\000e\000t\000y\000+\000c\000o\000d\000e}{subsection.I.2}% 47
\BOOKMARK [3][-]{subsubsection.I.2.4}{\376\377\000P\000a\000t\000t\000e\000r\000n\000:\000\040\000s\000a\000f\000e\000t\000y\000+\000m\000a\000t\000h\000+\000c\000o\000d\000e\000+\000m\000e\000d\000i\000c\000a\000l}{subsection.I.2}% 48
