==========================================================
Starting Ablation Experiment for Sample Size: 100
Slurm Job ID: 101831, Task ID: 1
Running on Host: iag-02
Assigned GPU: 0
==========================================================
Generated temporary config: configs/config_ablation_n100_tmp.yaml
Using result directory: results/debug_limit10
Resume: True
Force: False

=== Step 3: Merging Models ===
Successful merge output found. Skipping: models/merged/sst_merge_v3_ablation_diagonal_sst_ablation_safety+math_alpha0.0_n100_k0.2_FhFb_interpolation_hardmask_nolayerwise_seed42
Successful merge output found. Skipping: models/merged/sst_merge_v3_ablation_diagonal_sst_ablation_safety+math_alpha0.2_n100_k0.2_FhFb_interpolation_hardmask_nolayerwise_seed42
Successful merge output found. Skipping: models/merged/sst_merge_v3_ablation_diagonal_sst_ablation_safety+math_alpha0.4_n100_k0.2_FhFb_interpolation_hardmask_nolayerwise_seed42
Successful merge output found. Skipping: models/merged/sst_merge_v3_ablation_diagonal_sst_ablation_safety+math_alpha0.6_n100_k0.2_FhFb_interpolation_hardmask_nolayerwise_seed42
Successful merge output found. Skipping: models/merged/sst_merge_v3_ablation_diagonal_sst_ablation_safety+math_alpha0.8_n100_k0.2_FhFb_interpolation_hardmask_nolayerwise_seed42
Successful merge output found. Skipping: models/merged/sst_merge_v3_ablation_diagonal_sst_ablation_safety+math_alpha1.0_n100_k0.2_FhFb_interpolation_hardmask_nolayerwise_seed42
Successful merge output found. Skipping: models/merged/sst_merge_v3_ablation_data_free_sst_ablation_safety+math_alpha0.0_k0.2_FhFb_interpolation_hardmask_nolayerwise_seed42
Successful merge output found. Skipping: models/merged/sst_merge_v3_ablation_data_free_sst_ablation_safety+math_alpha0.2_k0.2_FhFb_interpolation_hardmask_nolayerwise_seed42
Successful merge output found. Skipping: models/merged/sst_merge_v3_ablation_data_free_sst_ablation_safety+math_alpha0.4_k0.2_FhFb_interpolation_hardmask_nolayerwise_seed42
Successful merge output found. Skipping: models/merged/sst_merge_v3_ablation_data_free_sst_ablation_safety+math_alpha0.6_k0.2_FhFb_interpolation_hardmask_nolayerwise_seed42
Successful merge output found. Skipping: models/merged/sst_merge_v3_ablation_data_free_sst_ablation_safety+math_alpha0.8_k0.2_FhFb_interpolation_hardmask_nolayerwise_seed42
Successful merge output found. Skipping: models/merged/sst_merge_v3_ablation_data_free_sst_ablation_safety+math_alpha1.0_k0.2_FhFb_interpolation_hardmask_nolayerwise_seed42
Successful merge output found. Skipping: models/merged/sst_merge_v3_ablation_diagonal_sst_ablation_safety+code_alpha0.0_n100_k0.2_FhFb_interpolation_hardmask_nolayerwise_seed42
Successful merge output found. Skipping: models/merged/sst_merge_v3_ablation_diagonal_sst_ablation_safety+code_alpha0.2_n100_k0.2_FhFb_interpolation_hardmask_nolayerwise_seed42
Successful merge output found. Skipping: models/merged/sst_merge_v3_ablation_diagonal_sst_ablation_safety+code_alpha0.4_n100_k0.2_FhFb_interpolation_hardmask_nolayerwise_seed42
Successful merge output found. Skipping: models/merged/sst_merge_v3_ablation_diagonal_sst_ablation_safety+code_alpha0.6_n100_k0.2_FhFb_interpolation_hardmask_nolayerwise_seed42
Successful merge output found. Skipping: models/merged/sst_merge_v3_ablation_diagonal_sst_ablation_safety+code_alpha0.8_n100_k0.2_FhFb_interpolation_hardmask_nolayerwise_seed42
Successful merge output found. Skipping: models/merged/sst_merge_v3_ablation_diagonal_sst_ablation_safety+code_alpha1.0_n100_k0.2_FhFb_interpolation_hardmask_nolayerwise_seed42
Successful merge output found. Skipping: models/merged/sst_merge_v3_ablation_data_free_sst_ablation_safety+code_alpha0.0_k0.2_FhFb_interpolation_hardmask_nolayerwise_seed42
Successful merge output found. Skipping: models/merged/sst_merge_v3_ablation_data_free_sst_ablation_safety+code_alpha0.2_k0.2_FhFb_interpolation_hardmask_nolayerwise_seed42
Successful merge output found. Skipping: models/merged/sst_merge_v3_ablation_data_free_sst_ablation_safety+code_alpha0.4_k0.2_FhFb_interpolation_hardmask_nolayerwise_seed42
Successful merge output found. Skipping: models/merged/sst_merge_v3_ablation_data_free_sst_ablation_safety+code_alpha0.6_k0.2_FhFb_interpolation_hardmask_nolayerwise_seed42
Successful merge output found. Skipping: models/merged/sst_merge_v3_ablation_data_free_sst_ablation_safety+code_alpha0.8_k0.2_FhFb_interpolation_hardmask_nolayerwise_seed42
Successful merge output found. Skipping: models/merged/sst_merge_v3_ablation_data_free_sst_ablation_safety+code_alpha1.0_k0.2_FhFb_interpolation_hardmask_nolayerwise_seed42
Successful merge output found. Skipping: models/merged/sst_merge_v3_ablation_diagonal_sst_ablation_safety+medical_alpha0.0_n100_k0.2_FhFb_interpolation_hardmask_nolayerwise_seed42
Successful merge output found. Skipping: models/merged/sst_merge_v3_ablation_diagonal_sst_ablation_safety+medical_alpha0.2_n100_k0.2_FhFb_interpolation_hardmask_nolayerwise_seed42
Successful merge output found. Skipping: models/merged/sst_merge_v3_ablation_diagonal_sst_ablation_safety+medical_alpha0.4_n100_k0.2_FhFb_interpolation_hardmask_nolayerwise_seed42
Successful merge output found. Skipping: models/merged/sst_merge_v3_ablation_diagonal_sst_ablation_safety+medical_alpha0.6_n100_k0.2_FhFb_interpolation_hardmask_nolayerwise_seed42
Successful merge output found. Skipping: models/merged/sst_merge_v3_ablation_diagonal_sst_ablation_safety+medical_alpha0.8_n100_k0.2_FhFb_interpolation_hardmask_nolayerwise_seed42
Successful merge output found. Skipping: models/merged/sst_merge_v3_ablation_diagonal_sst_ablation_safety+medical_alpha1.0_n100_k0.2_FhFb_interpolation_hardmask_nolayerwise_seed42
Successful merge output found. Skipping: models/merged/sst_merge_v3_ablation_data_free_sst_ablation_safety+medical_alpha0.0_k0.2_FhFb_interpolation_hardmask_nolayerwise_seed42
Successful merge output found. Skipping: models/merged/sst_merge_v3_ablation_data_free_sst_ablation_safety+medical_alpha0.2_k0.2_FhFb_interpolation_hardmask_nolayerwise_seed42
Successful merge output found. Skipping: models/merged/sst_merge_v3_ablation_data_free_sst_ablation_safety+medical_alpha0.4_k0.2_FhFb_interpolation_hardmask_nolayerwise_seed42
Successful merge output found. Skipping: models/merged/sst_merge_v3_ablation_data_free_sst_ablation_safety+medical_alpha0.6_k0.2_FhFb_interpolation_hardmask_nolayerwise_seed42
Successful merge output found. Skipping: models/merged/sst_merge_v3_ablation_data_free_sst_ablation_safety+medical_alpha0.8_k0.2_FhFb_interpolation_hardmask_nolayerwise_seed42
Successful merge output found. Skipping: models/merged/sst_merge_v3_ablation_data_free_sst_ablation_safety+medical_alpha1.0_k0.2_FhFb_interpolation_hardmask_nolayerwise_seed42
Successful merge output found. Skipping: models/merged/sst_merge_v3_ablation_diagonal_sst_ablation_safety+math+code+medical_alpha0.0_n100_k0.2_FhFb_interpolation_hardmask_nolayerwise_seed42
Successful merge output found. Skipping: models/merged/sst_merge_v3_ablation_diagonal_sst_ablation_safety+math+code+medical_alpha0.2_n100_k0.2_FhFb_interpolation_hardmask_nolayerwise_seed42
Successful merge output found. Skipping: models/merged/sst_merge_v3_ablation_diagonal_sst_ablation_safety+math+code+medical_alpha0.4_n100_k0.2_FhFb_interpolation_hardmask_nolayerwise_seed42
Successful merge output found. Skipping: models/merged/sst_merge_v3_ablation_diagonal_sst_ablation_safety+math+code+medical_alpha0.6_n100_k0.2_FhFb_interpolation_hardmask_nolayerwise_seed42
Successful merge output found. Skipping: models/merged/sst_merge_v3_ablation_diagonal_sst_ablation_safety+math+code+medical_alpha0.8_n100_k0.2_FhFb_interpolation_hardmask_nolayerwise_seed42
Successful merge output found. Skipping: models/merged/sst_merge_v3_ablation_diagonal_sst_ablation_safety+math+code+medical_alpha1.0_n100_k0.2_FhFb_interpolation_hardmask_nolayerwise_seed42
Successful merge output found. Skipping: models/merged/sst_merge_v3_ablation_data_free_sst_ablation_safety+math+code+medical_alpha0.0_k0.2_FhFb_interpolation_hardmask_nolayerwise_seed42
Successful merge output found. Skipping: models/merged/sst_merge_v3_ablation_data_free_sst_ablation_safety+math+code+medical_alpha0.2_k0.2_FhFb_interpolation_hardmask_nolayerwise_seed42
Successful merge output found. Skipping: models/merged/sst_merge_v3_ablation_data_free_sst_ablation_safety+math+code+medical_alpha0.4_k0.2_FhFb_interpolation_hardmask_nolayerwise_seed42
Successful merge output found. Skipping: models/merged/sst_merge_v3_ablation_data_free_sst_ablation_safety+math+code+medical_alpha0.6_k0.2_FhFb_interpolation_hardmask_nolayerwise_seed42
Successful merge output found. Skipping: models/merged/sst_merge_v3_ablation_data_free_sst_ablation_safety+math+code+medical_alpha0.8_k0.2_FhFb_interpolation_hardmask_nolayerwise_seed42
Successful merge output found. Skipping: models/merged/sst_merge_v3_ablation_data_free_sst_ablation_safety+math+code+medical_alpha1.0_k0.2_FhFb_interpolation_hardmask_nolayerwise_seed42
[Success] Finished sample size 100 evaluation successfully.
