Traceback (most recent call last):
  File "/mnt/nas/home/hiromi/src/sst_v2/baseline/LED-Merging/merge_llms.py", line 6, in <module>
    from transformers import AutoModelForCausalLM, AutoTokenizer, AutoConfig,Qwen2VLForConditionalGeneration,LlavaForConditionalGeneration,AutoProcessor, LlavaNextForConditionalGeneration, AutoModel
  File "/mnt/nas/home/hiromi/src/sst_v2/venv_sst/lib/python3.12/site-packages/transformers/utils/import_utils.py", line 2249, in __getattr__
    module = self._get_module(self._class_to_module[name])
             ^^^^^^^^^^^^^^^^^^^^^^^^^^^^^^^^^^^^^^^^^^^^^
  File "/mnt/nas/home/hiromi/src/sst_v2/venv_sst/lib/python3.12/site-packages/transformers/utils/import_utils.py", line 2483, in _get_module
    raise e
  File "/mnt/nas/home/hiromi/src/sst_v2/venv_sst/lib/python3.12/site-packages/transformers/utils/import_utils.py", line 2481, in _get_module
    return importlib.import_module("." + module_name, self.__name__)
           ^^^^^^^^^^^^^^^^^^^^^^^^^^^^^^^^^^^^^^^^^^^^^^^^^^^^^^^^^
  File "/usr/lib/python3.12/importlib/__init__.py", line 90, in import_module
    return _bootstrap._gcd_import(name[level:], package, level)
           ^^^^^^^^^^^^^^^^^^^^^^^^^^^^^^^^^^^^^^^^^^^^^^^^^^^^
  File "/mnt/nas/home/hiromi/src/sst_v2/venv_sst/lib/python3.12/site-packages/transformers/models/auto/modeling_auto.py", line 21, in <module>
    from .auto_factory import (
  File "/mnt/nas/home/hiromi/src/sst_v2/venv_sst/lib/python3.12/site-packages/transformers/models/auto/auto_factory.py", line 26, in <module>
    from ...configuration_utils import PreTrainedConfig
  File "/mnt/nas/home/hiromi/src/sst_v2/venv_sst/lib/python3.12/site-packages/transformers/configuration_utils.py", line 33, in <module>
    from .generation.configuration_utils import GenerationConfig
  File "/mnt/nas/home/hiromi/src/sst_v2/venv_sst/lib/python3.12/site-packages/transformers/generation/configuration_utils.py", line 62, in <module>
    from .logits_process import SynthIDTextWatermarkLogitsProcessor, WatermarkLogitsProcessor
  File "/mnt/nas/home/hiromi/src/sst_v2/venv_sst/lib/python3.12/site-packages/transformers/generation/logits_process.py", line 21, in <module>
    import torch
  File "/mnt/nas/home/hiromi/src/sst_v2/venv_sst/lib/python3.12/site-packages/torch/__init__.py", line 442, in <module>
    from torch._C import *  # noqa: F403
    ^^^^^^^^^^^^^^^^^^^^^^
ImportError: /mnt/nas/home/hiromi/src/sst_v2/venv_sst/lib/python3.12/site-packages/torch/lib/libtorch_cuda.so: undefined symbol: ncclCommWindowDeregister
